[
  {
    "Target": "testdata/fixtures/opensuse-tumbleweed.tar.gz (opensuse.tumbleweed 20191206)",
    "Vulnerabilities": null
  }
]
